================================================================================================
FASE 0c - ROBUSTEZ DEL QUIEBRE DE ORDENADA
40 celdas, 8 modelos base
================================================================================================

------------------------------------------------------------------------------------------------
1. QUIEN APORTA LAS CELDAS POR DEBAJO DEL NIVEL NOMINAL
------------------------------------------------------------------------------------------------
  x < +0 pp: 15 celdas  hurdle_2000 1, hurdle_400 1, hurdle_sigma_x 1, qgbm_54x100 2, qgbm_54x15 5, qgbm_54x200 1, qgbm_54x400 1, qgbm_54x50 3
  x < -2 pp:  4 celdas  hurdle_sigma_x 1, qgbm_54x15 3
  x < -3 pp:  3 celdas  qgbm_54x15 3

  de las 15 celdas bajo el nominal, 5 son de qgbm_54x15 (33%)

------------------------------------------------------------------------------------------------
2. QUIEBRE DE ORDENADA
------------------------------------------------------------------------------------------------
  las 40 celdas          n=40  F(1,37) = 12.982  p = 0.0009   pendiente -6.495  salto -11.797
  sin qgbm_54x15         n=35  F(1,32) = 15.608  p = 0.0004   pendiente -6.700  salto -13.587

------------------------------------------------------------------------------------------------
3. DEJAR-UN-BRAZO-FUERA sobre el tamano del salto
------------------------------------------------------------------------------------------------
  sin hurdle_2000      n=35  salto -10.826  F(1,32) = 10.829  p = 0.0024
  sin hurdle_400       n=35  salto -10.630  F(1,32) =  9.964  p = 0.0035
  sin hurdle_sigma_x   n=35  salto -10.659  F(1,32) = 11.571  p = 0.0018
  sin qgbm_54x100      n=35  salto -12.710  F(1,32) = 11.642  p = 0.0018
  sin qgbm_54x15       n=35  salto -13.587  F(1,32) = 15.608  p = 0.0004
  sin qgbm_54x200      n=35  salto -12.140  F(1,32) = 10.697  p = 0.0026
  sin qgbm_54x400      n=35  salto -11.923  F(1,32) = 10.309  p = 0.0030
  sin qgbm_54x50       n=35  salto -11.997  F(1,32) =  9.894  p = 0.0036

  el salto se mueve entre -13.587 y -10.630

------------------------------------------------------------------------------------------------
4. EL MISMO TEST CON EFECTO FIJO POR MODELO BASE
------------------------------------------------------------------------------------------------
  El efecto fijo absorbe cualquier desplazamiento constante propio de
  cada predictiva, asi que el quiebre queda identificado solo por la
  variacion DENTRO de cada brazo.

  F(1,30) = 9.405  p = 0.0046   pendiente -5.980  salto -11.478

------------------------------------------------------------------------------------------------
5. AJUSTE SIN qgbm_54x15, EVALUADO SOBRE SUS CINCO CELDAS
------------------------------------------------------------------------------------------------
  ventana                  x  observado  con quiebre  recta unica  |err| quiebre  |err| recta
  test_transition      -8.42      +55.7        +54.2        +43.0            1.4         12.6
  test_pre             -4.75      +17.3        +29.6        +26.5           12.4          9.2
  2025-S2              -3.10      +30.7        +18.6        +19.1           12.1         11.6
  2025-S1              -1.52      +12.4         +8.0        +12.0            4.4          0.4
  2026-S1              -0.82      +11.8         +3.3         +8.8            8.4          3.0

  RMSE fuera de muestra: con quiebre 8.85, recta unica 8.82

------------------------------------------------------------------------------------------------
6. CONTRA UNA ESPECIFICACION CUADRATICA
------------------------------------------------------------------------------------------------
  Si lo que hay es curvatura y no un quiebre, un termino cuadratico
  deberia recogerlo.
  las 40 celdas          n=40  F(1,37) =  0.139  p = 0.7117   coeficiente -0.0356
  sin qgbm_54x15         n=35  F(1,32) = 27.942  p = 0.0000   coeficiente -1.0538

guardado en resultados/fase0c/
