================================================================================================
FASE 2 - ABLACIONES (comentario R1.3)
================================================================================================
A0 split estatico: listo
A1 ACI puro g=0.02: listo
A1 ACI puro g=0.05: listo
A2 transporte sin ACI: listo
A3 sin shrinkage g=0.02: listo
A3 sin shrinkage g=0.05: listo
A4 completo g=0.02: listo
A4 completo g=0.05: listo

================================================================================================
ABLACIONES - test_transition
================================================================================================
grupo                                   metodo  cobertura  se_cluster  ancho_medio  pct_infinito  IS_finitos    IS_total  segundos
   A0                        A0 split estatico       95.3        0.45       1203.3           0.0      1587.6 1587.584565      0.01
   A1                     A1 ACI puro (g=0.02)       93.5        0.55        915.2           0.0      1400.8 1400.849087      0.20
   A1                     A1 ACI puro (g=0.05)       92.1        0.67        821.6           0.0      1369.9 1369.942757      0.19
   A2                    A2 transporte sin ACI       92.0        0.72        832.7           0.0      1390.3 1390.339214      6.72
   A3 A3 Transporte+ACI sin shrinkage (g=0.02)       91.1        0.80        787.0           0.0      1390.8 1390.792812      0.57
   A3 A3 Transporte+ACI sin shrinkage (g=0.05)       90.9        0.81        805.7           0.0      1409.5 1409.512489      0.59
   A4      A4 Transporte+ACI completo (g=0.02)       91.1        0.80        787.3           0.0      1390.2 1390.235540      6.87
   A4      A4 Transporte+ACI completo (g=0.05)       90.9        0.81        805.6           0.0      1408.5 1408.485271      6.64

================================================================================================
ABLACIONES - TEST_COMPLETO
================================================================================================
grupo                                   metodo  cobertura  se_cluster  ancho_medio  pct_infinito  IS_finitos   IS_total  segundos
   A0                        A0 split estatico       92.5        0.37        678.4           0.0       972.8 972.803201      0.01
   A1                     A1 ACI puro (g=0.02)       90.2        0.43        550.8           0.0       935.7 935.729640      0.20
   A1                     A1 ACI puro (g=0.05)       90.1        0.43        544.4           4.2       961.8        inf      0.19
   A2                    A2 transporte sin ACI       89.9        0.44        529.8           0.0       936.3 936.263962      6.72
   A3 A3 Transporte+ACI sin shrinkage (g=0.02)       90.1        0.44        665.0           0.5      1080.1        inf      0.57
   A3 A3 Transporte+ACI sin shrinkage (g=0.05)       90.1        0.43        593.8           6.1      1028.5        inf      0.59
   A4      A4 Transporte+ACI completo (g=0.02)       90.1        0.44        663.3           0.5      1078.5        inf      6.87
   A4      A4 Transporte+ACI completo (g=0.05)       90.1        0.43        595.9           5.9      1029.9        inf      6.64

================================================================================================
APORTE MARGINAL DE CADA COMPONENTE, sobre el interval score
bootstrap de 2000 remuestreos de dias completos, IC de percentil 95%
negativo = el componente mejora; positivo = el componente empeora
================================================================================================

adaptacion online (A1 - A0)
        periodo   d_IS  IS_lo  IS_hi significativo  d_cob_pp  d_segundos
       test_pre  -42.9  -66.9  -17.8            si     -1.03         0.2
test_transition -215.8 -274.4 -161.0            si     -3.21         0.2
        2025-S1   32.4  -21.8  109.3            no     -2.75         0.2
        2025-S2  -46.4  -90.1    5.5            no     -1.48         0.2
        2026-S1   -0.9  -18.9   17.6            no     -2.71         0.2
  TEST_COMPLETO  -37.8  -60.3  -10.1            si     -2.36         0.2

transporte sin ACI (A2 - A0)
        periodo   d_IS  IS_lo  IS_hi significativo  d_cob_pp  d_segundos
       test_pre  -36.7  -56.5  -18.2            si     -0.47         6.7
test_transition -195.8 -249.6 -144.7            si     -3.29         6.7
        2025-S1  -12.1  -44.5   25.6            no     -3.96         6.7
        2025-S2   -0.6  -35.5   36.5            no     -0.99         6.7
        2026-S1  -18.0  -39.7    4.8            no     -3.01         6.7
  TEST_COMPLETO  -37.8  -55.9  -19.3            si     -2.62         6.7

transporte sobre ACI (A3 - A1)
        periodo  d_IS  IS_lo  IS_hi significativo  d_cob_pp  d_segundos
       test_pre -20.8  -33.8   -8.8            si     -0.41         0.4
test_transition  39.8   17.8   62.4            si     -1.25         0.4
        2025-S1 110.8   32.4  213.5            si      0.76         0.4
        2025-S2 127.2   76.2  189.2            si     -0.88         0.4
        2026-S1  17.7    8.8   26.7            si      0.76         0.4
  TEST_COMPLETO  74.2   46.7  105.0            si     -0.06         0.4

shrinkage de cola (A4 - A3)
        periodo  d_IS  IS_lo  IS_hi significativo  d_cob_pp  d_segundos
       test_pre  -1.0   -1.8   -0.2            si     -0.03         6.1
test_transition  -1.0   -1.9   -0.3            si      0.00         6.1
        2025-S1 -10.6  -21.8   -2.0            si      0.02         6.1
        2025-S2 -12.4  -22.3   -5.3            si     -0.01         6.1
        2026-S1  -0.0   -0.3    0.2            no      0.01         6.1
  TEST_COMPLETO  -6.5  -10.3   -3.2            si      0.00         6.1

pipeline completo (A4 - A0)
        periodo   d_IS  IS_lo  IS_hi significativo  d_cob_pp  d_segundos
       test_pre  -64.7  -98.9  -29.9            si     -1.47         6.6
test_transition -177.0 -249.6 -106.8            si     -4.46         6.6
        2025-S1   96.0   16.0  195.9            si     -1.97         6.6
        2025-S2  119.0   20.3  242.9            si     -2.37         6.6
        2026-S1   16.8    1.5   31.8            si     -1.94         6.6
  TEST_COMPLETO   32.4   -5.3   75.4            no     -2.42         6.6

guardado en resultados/fase2/
