==============================================================================
FASE 0 - AGNOSTICISMO AL MODELO BASE (comentario R1.1)
semilla conformal 20260720 | embargo 7 d | alpha 0.1
==============================================================================

==============================================================================
MODELO BASE: hurdle   {'sigma': 1.701641}
==============================================================================
calibracion: 26,552 filas, 244 dias
test: 77,868 filas, 638 dias
score PIT de calibracion: media 0.6042, sd 0.2765  (uniforme ideal: 0.5000 / 0.2887)

1. estatico PIT: qhat = 0.9242
2. ventana deslizante 60d: listo
3. ACI gamma=0.02: alpha_t final = 0.1260
3. ACI gamma=0.05: alpha_t final = 0.1264
4. Transporte+ACI gamma=0.02: alpha_t final = 0.0995  (transicion: sd_cola=0.003 lam_cola=1.00)
4. Transporte+ACI gamma=0.05: alpha_t final = 0.1065  (transicion: sd_cola=0.003 lam_cola=1.00)

==============================================================================
MODELO BASE: qgbm_multi   {'n_cuantiles': 54, 'tau_max': 0.999}
==============================================================================
calibracion: 26,552 filas, 244 dias
test: 77,868 filas, 638 dias
score PIT de calibracion: media 0.5407, sd 0.3122  (uniforme ideal: 0.5000 / 0.2887)

1. estatico PIT: qhat = 0.9384
2. ventana deslizante 60d: listo
3. ACI gamma=0.02: alpha_t final = 0.1138
3. ACI gamma=0.05: alpha_t final = 0.1327
4. Transporte+ACI gamma=0.02: alpha_t final = 0.1148  (transicion: sd_cola=0.002 lam_cola=1.00)
4. Transporte+ACI gamma=0.05: alpha_t final = 0.1288  (transicion: sd_cola=0.002 lam_cola=1.00)

guardado resultados/fase0/fase0_tabla_por_modelo.csv

==============================================================================
DIFERENCIA Transporte+ACI(g=0.05) - estatico, por modelo base
bootstrap de 2000 remuestreos de DIAS COMPLETOS, IC de percentil 95%
==============================================================================
modelo_base                 metodo         periodo  d_ancho  ancho_lo  ancho_hi  d_cobertura_pp  cob_lo  cob_hi   d_IS  IS_lo  IS_hi  n_filas_IS_finitas  n_filas
     hurdle 4_transporte_banda_g05        test_pre   -117.0    -156.1     -77.7           -1.45   -2.09   -0.85  -63.9  -98.2  -29.2                3390     3390
     hurdle 4_transporte_banda_g05 test_transition   -395.8    -462.5    -332.7           -4.46   -5.46   -3.48 -176.3 -248.8 -106.0               10607    10607
     hurdle 4_transporte_banda_g05         2025-S1     24.7     -55.0     125.6           -2.00   -3.17   -0.89  100.0   18.9  201.7               19624    21784
     hurdle 4_transporte_banda_g05         2025-S2   -105.2    -214.9      23.9           -2.35   -3.57   -1.08  104.2   13.6  216.1               20365    22941
     hurdle 4_transporte_banda_g05         2026-S1    -47.6     -63.2     -32.5           -1.94   -2.45   -1.46   15.9    0.7   30.9               19146    19146
 qgbm_multi 4_transporte_banda_g05        test_pre      3.8       1.3       6.2            0.47    0.15    0.83   -4.9  -10.1   -0.2                3390     3390
 qgbm_multi 4_transporte_banda_g05 test_transition     14.0      -1.0      29.0           -0.15   -1.31    0.99   14.9   -9.6   38.6               10607    10607
 qgbm_multi 4_transporte_banda_g05         2025-S1     23.4      10.4      37.6           -0.20   -1.37    0.96   34.0   13.6   55.3               20582    21784
 qgbm_multi 4_transporte_banda_g05         2025-S2     -0.9     -13.0      12.7           -0.33   -1.07    0.44   42.1   26.5   57.9               20734    22941
 qgbm_multi 4_transporte_banda_g05         2026-S1     15.8       8.2      24.1            0.36   -0.25    0.94   11.0   -1.2   24.0               19146    19146

guardado resultados/fase0/fase0_diferencias_bootstrap.csv

==============================================================================
TABLA COMPARATIVA (ventana de transicion, oct-dic 2024)
==============================================================================
modelo_base                 metodo  cobertura  se_cluster  ancho_medio  pct_infinito  IS_finitos  crps_base
     hurdle         1_estatico_pit       95.3        0.45       1203.3           0.0      1587.6     133.47
     hurdle       2_ventana60d_pit       92.0        0.73        833.8           0.0      1390.8     133.47
     hurdle          3_aci_pit_g02       93.5        0.55        915.2           0.0      1400.8     133.47
     hurdle          3_aci_pit_g05       92.1        0.67        821.6           0.0      1369.9     133.47
     hurdle 4_transporte_banda_g02       91.1        0.80        786.2           0.0      1390.0     133.47
     hurdle 4_transporte_banda_g05       90.9        0.81        805.9           0.0      1409.3     133.47
 qgbm_multi         1_estatico_pit       90.6        0.85        410.3           0.0       765.0      92.92
 qgbm_multi       2_ventana60d_pit       90.1        0.94        409.4           0.0       786.2      92.92
 qgbm_multi          3_aci_pit_g02       90.6        0.86        411.5           0.0       765.3      92.92
 qgbm_multi          3_aci_pit_g05       90.6        0.87        411.7           0.0       764.5      92.92
 qgbm_multi 4_transporte_banda_g02       90.3        0.98        420.2           0.0       781.5      92.92
 qgbm_multi 4_transporte_banda_g05       90.5        0.99        423.9           0.0       780.0      92.92

==============================================================================
