
============================================================================================
pronostico_de_vertimiento
============================================================================================
  [  260] 2018  10.1016/j.rser.2018.01.009
          Short-term integration costs of variable renewable energy: Wind curtailment and balancing in Bri
          Joos, Michael; Staffell, Iain | Renewable and Sustainable Energy Reviews
  [  216] 2016  10.1016/j.renene.2015.11.073
          Machine learning ensembles for wind power prediction
          Heinermann, Justin; Kramer, Oliver | Renewable Energy
  [  205] 2019  10.1016/j.renene.2018.06.079
          Timescales of energy storage needed for reducing renewable energy curtailment
          Denholm, Paul; Mai, Trieu | Renewable Energy
  [  151] 2021  10.1016/j.apenergy.2021.116805
          Economic operation of a wind-solar-hydro complementary system considering risks of output shorta
          Huang, Kangdi; Liu, Pan; Ming, Bo; Kim, Jong-Suk; Gong, Yu | Applied Energy
  [  150] 2022  10.3390/en15072327
          Efficient Wind Power Prediction Using Machine Learning Methods: A Comparative Study
          Alkesaiberi, Abdulelah; Harrou, Fouzi; Sun, Ying | Energies
  [  145] 2020  10.1016/j.renene.2020.07.017
          Scheduling electric vehicle charging to minimise carbon emissions and wind curtailment
          Dixon, James; Bukhsh, Waqquas; Edmunds, Calum; Bell, Keith | Renewable Energy
  [  122] 2018  10.1016/j.rser.2018.07.021
          Solar energy curtailment in China: Status quo, reasons and solutions
          Tang, Ningning; Zhang, Yuning; Niu, Yuguang; Du, Xiaoze | Renewable and Sustainable Energy Reviews
  [   94] 2023  10.3390/app132011455
          Prediction of Wind Power with Machine Learning Models
          Karaman, Ömer Ali | Applied Sciences
  [   92] 2018  10.1016/j.renene.2018.01.090
          Hydropower curtailment in Yunnan Province, southwestern China: Constraint analysis and suggestio
          Liu, Benxi; Liao, Shengli; Cheng, Chuntian; Chen, Fu; Li, Weidong | Renewable Energy
  [   76] 2017  10.1016/j.solener.2017.07.083
          Large-scale integration of photovoltaic power in a distribution grid using power curtailment and
          Luthander, Rasmus; Lingfors, David; Widén, Joakim | Solar Energy
  [   64] 2015  10.1016/j.eneco.2015.03.002
          Economic curtailment of intermittent renewable energy sources
          Henriot, Arthur | Energy Economics
  [   48] 2019  10.3390/en12040673
          Wind Power Prediction Based on Extreme Learning Machine with Kernel Mean p-Power Error Loss
          Li, Ning; He, Fuxing; Ma, Wentao | Energies

============================================================================================
operacion_de_almacenamiento
============================================================================================
  [  292] 2013  10.1016/j.renene.2012.12.036
          Energy dispatch schedule optimization and cost benefit analysis for grid-connected, photovoltaic
          Nottrott, A.; Kleissl, J.; Washom, B. | Renewable Energy
  [  125] 1999  10.1016/s0960-1481(98)00796-4
          Optimal sizing of battery storage for hybrid (wind+diesel) power systems
          Elhadidy, M.a; Shaahid, S.M | Renewable Energy
  [  115] 2021  10.1016/j.est.2020.102158
          Optimal location, selection, and operation of battery energy storage systems and renewable distr
          Valencia, Alejandro; Hincapie, Ricardo A.; Gallego, Ramón A. | Journal of Energy Storage
  [  110] 2022  10.1016/j.est.2022.105644
          Efficient operation of battery energy storage systems, electric-vehicle charging stations and re
          Eid, Ahmad; Mohammed, Osama; El-Kishky, Hassan | Journal of Energy Storage
  [   82] 2021  10.1016/j.renene.2021.03.122
          Impact of demand side management on optimal sizing of residential battery energy storage system
          Mulleriyawage, U.G.K.; Shen, W.X. | Renewable Energy
  [   59] 2019  10.1016/j.energy.2019.04.108
          Analysis of operation cost and wind curtailment using multi-objective unit commitment with batte
          Wang, Bo; Zhou, Min; Xin, Bo; Zhao, Xin; Watada, Junzo | Energy
  [   56] 2023  10.1016/j.est.2023.106950
          Resilient operation of the renewable energy and battery energy storages based smart distribution
          Ghanbari-Ghalehjoughi, Mohsen; Taghizad-Tavana, Kamran; Nojavan, Sayyad | Journal of Energy Storage
  [   54] 2017  10.1109/tsg.2016.2606560
          Probabilistic Dispatch of Remote Hybrid Microgrids Including Battery Storage and Load Management
          Battistelli, Claudia; Agalgaonkar, Yashodhan P.; Pal, Bikash C. | IEEE Transactions on Smart Grid
  [   42] 2023  10.1016/j.rser.2023.113696
          Real-world data analysis of distributed PV and battery energy storage system curtailment in low 
          Yildiz, Baran; Stringer, Naomi; Klymenko, Timothy; Syahman Samhan, Muhammad; Abramowitz, Greg; B | Renewable and Sustainable Energy Reviews
  [   41] 2015  10.1016/j.renene.2015.04.010
          More accurate sizing of renewable energy sources under high levels of electric vehicle integrati
          Atia, Raji; Yamada, Noboru | Renewable Energy
  [   40] 2021  10.1016/j.est.2021.102641
          Techno-economic optimisation of battery storage for grid-level energy services using curtailed e
          Rayit, Narinderjeet Singh; Chowdhury, Jahedul Islam; Balta-Ozkan, Nazmiye | Journal of Energy Storage
  [   36] 2024  10.1016/j.est.2024.113688
          Renewable-storage sizing approaches for centralized and distributed renewable energy—A state-of-
          Zhou, Yuekuan | Journal of Energy Storage

============================================================================================
congestion_de_transmision
============================================================================================
  [  118] 2018  10.1016/j.enpol.2017.10.037
          Renewable energy curtailment: A case study on today's and tomorrow's congestion management
          Schermeyer, Hans; Vergara, Claudio; Fichtner, Wolf | Energy Policy
  [  113] 2015  10.1109/tpwrs.2014.2362922
          Wind Power Curtailment and Energy Storage in Transmission Congestion Management Considering Powe
          Vargas, Luis S.; Bustos-Turu, Gonzalo; Larrain, Felipe | IEEE Transactions on Power Systems
  [   69] 2019  10.1109/access.2019.2903210
          Congestion Management Method of Low-Voltage Active Distribution Networks Based on Distribution L
          Zhao, Jinli; Wang, Yushuo; Song, Guanyu; Li, Peng; Wang, Chengshan; Wu, Jianzhong | IEEE Access
  [   50] 2020  10.1016/j.apenergy.2019.114103
          Distribution locational marginal price-based transactive day-ahead market with variable renewabl
          Faqiry, M. Nazif; Edmonds, Lawryn; Wu, Hongyu; Pahwa, Anil | Applied Energy
  [   49] 2020  10.1016/j.renene.2020.01.059
          Curtailment analysis for the Nordic power system considering transmission capacity, inertia limi
          Nycander, Elis; Söder, Lennart; Olauson, Jon; Eriksson, Robert | Renewable Energy
  [   41] 2020  10.1007/s00202-020-00974-z
          Calculating the locational marginal price and solving optimal power flow problem based on conges
          Dashtdar, Masoud; Najafi, Mojtaba; Esmaeilbeig, Mostafa | Electrical Engineering
  [   25] 2021  10.1016/j.apenergy.2020.116064
          Characteristics of locational uncertainty marginal price for correlated uncertainties of variabl
          Fang, Xin; Cui, Hantao; Du, Ershun; Li, Fangxing; Kang, Chongqing | Applied Energy
  [   22] 2020  10.1049/iet-gtd.2019.0992
          Optimised curtailment of distributed generators for the provision of congestion management servi
          Liere‐Netheler, Ingo; Schuldt, Frank; von Maydell, Karsten; Agert, Carsten | IET Generation, Transmission &amp; Distribution
  [   17] 2016  10.1007/s11708-016-0404-z
          An approach to locational marginal price based zonal congestion management in deregulated electr
          Sarwar, Md; Siddiqui, Anwar Shahzad | Frontiers in Energy
  [   15] 2019  10.1109/access.2019.2939366
          Continuous-Time Locational Marginal Price of Electricity
          Khatami, Roohallah; Parvania, Masood | IEEE Access
  [   11] 2022  10.1109/access.2022.3204803
          A Deep Neural Network-Based Optimal Power Flow Approach for Identifying Network Congestion and R
          Zafar, Rehman; Vu, Ba Hau; Chung, Il-Yop | IEEE Access
  [   10] 2008  10.1016/j.renene.2007.09.016
          High value wind: A method to explore the relationship between wind speed and electricity locatio
          Lewis, Geoffrey McD. | Renewable Energy

============================================================================================
capacidad_de_red_y_ampacidad
============================================================================================
  [   61] 2019  10.1109/access.2019.2913704
          Dynamic Thermal Analysis of High-Voltage Power Cable Insulation for Cable Dynamic Thermal Rating
          Wang, Peng-Yu; Ma, Hui; Liu, Gang; Han, Zhuo-Zhan; Guo, De-Ming; Xu, Tao; Kang, Long-Yun | IEEE Access
  [   60] 1983  10.1109/tpas.1983.317795
          Dynamic Thermal Line Ratings Part I Dynamic Ampacity Rating Algorithm
          Foss, Stephen; Lin, Sheng; Fernandes, Roosevelt | IEEE Transactions on Power Apparatus and Systems
  [   53] 2013  10.1109/tpwrd.2012.2234940
          An Application of Dynamic Thermal Line Rating Control System to Up-Rate the Ampacity of Overhead
          Kim, S. D.; Morcos, M. M. | IEEE Transactions on Power Delivery
  [   36] 2023  10.1016/j.apenergy.2023.121199
          Leveraging the existing German transmission grid with dynamic line rating
          Glaum, Philipp; Hofmann, Fabian | Applied Energy
  [   35] 2016  10.1016/j.epsr.2015.11.005
          Analysis of underground cable ampacity considering non-uniform soil temperature distributions
          Maximov, S.; Venegas, V.; Guardado, J.L.; Moreno, E.L.; López, R. | Electric Power Systems Research
  [   32] 2021  10.1016/j.energy.2021.120803
          The effect of soil thermal conductivity and cable ampacity on the thermal performance and materi
          Ocłoń, Paweł | Energy
  [   29] 2025  10.1109/tia.2025.3529824
          Short-Term Transmission Capacity Prediction of Hybrid Renewable Energy Systems Considering Dynam
          Su, Yi; Tan, Mao; Teh, Jiashen | IEEE Transactions on Industry Applications
  [   29] 2021  10.1109/access.2021.3086866
          Fuzzy Dynamic Thermal Rating System-Based SIPS for Enhancing Transmission Line Security
          Metwaly, Mohamed K.; Teh, Jiashen | IEEE Access
  [   20] 2020  10.1016/j.epsr.2019.106125
          Application of dynamic thermal rating: Overhead line critical spans identification under weather
          Talpur, Saifal; Lie, T.T.; Zamora, R. | Electric Power Systems Research
  [   19] 2018  10.1016/j.ijthermalsci.2018.08.012
          Modelling the thermal effect of solar radiation on the ampacity of a low voltage underground cab
          Klimenta, Dardan; Perović, Bojan; Klimenta, Jelena; Jevtić, Milena; Milovanović, Miloš; Krstić,  | International Journal of Thermal Sciences
  [   17] 1987  10.1109/tpwrd.1987.4308067
          Generalized Coefficients of External Thermal Resistance for Ampacity Evaluation of Underground M
          Tarasiewlcz, E.; El-Kady, M. A.; Anders, G. J. | IEEE Transactions on Power Delivery
  [   15] 2021  10.3390/en15010134
          Enhancing PV Hosting Capacity Using Voltage Control and Employing Dynamic Line Rating
          Karunarathne, Eshan; Wijethunge, Akila; Ekanayake, Janaka | Energies

============================================================================================
restricciones_termicas
============================================================================================
  [  148] 2016  10.1109/tr.2015.2495173
          Reliability Impact of Dynamic Thermal Rating System in Wind Power Integrated Network
          Teh, Jiashen; Cotton, Ian | IEEE Transactions on Reliability
  [  143] 1977  10.1109/t-pas.1977.32393
          A new thermal rating approach: The real time thermal rating system for strategic overhead conduc
          Davis, M.W. | IEEE Transactions on Power Apparatus and Systems
  [  120] 2022  10.1016/j.egyr.2022.02.085
          Comprehensive review of the dynamic thermal rating system for sustainable electrical power syste
          Lai, Ching-Ming; Teh, Jiashen | Energy Reports
  [   81] 2018  10.1109/tpwrs.2018.2829079
          Power System Reliability Evaluation Incorporating Dynamic Thermal Rating and Network Topology Op
          Xiao, Ruosong; Xiang, Yingmeng; Wang, Lingfeng; Xie, Kaigui | IEEE Transactions on Power Systems
  [   61] 1977  10.1109/t-pas.1977.32394
          A new thermal rating approach: The real time thermal rating system for strategic overhead conduc
          Davis, M.W. | IEEE Transactions on Power Apparatus and Systems
  [   41] 2018  10.1109/tpwrd.2017.2711502
          Optimal Placement of GIC Blocking Devices Considering Equipment Thermal Limits and Power System 
          Rezaei-Zare, Afshin; Etemadi, Amir H. | IEEE Transactions on Power Delivery
  [   37] 1988  10.1109/61.194006
          An experimental evaluation of a thermal line uprating by conductor temperature and weather monit
          Callahan, P.M.; Douglass, D.A. | IEEE Transactions on Power Delivery
  [   35] 2017  10.1109/tpwrs.2016.2601072
          Power System State and Transmission Line Conductor Temperature Estimation
          Rakpenthai, Chawasak; Uatrongjit, Sermsak | IEEE Transactions on Power Systems
  [   23] 1992  10.1109/59.141766
          On selecting transmission lines for dynamic thermal line rating system implementation
          Chu, R.F. | IEEE Transactions on Power Systems
  [   20] 2015  10.1049/iet-gtd.2014.1113
          Analysis of power transfer limit considering thermal balance of overhead conductor
          Dong, Xiaoming; Kang, Chongqing; Sun, Hua; Zhang, Ning | IET Generation, Transmission &amp; Distribution
  [   17] 2015  10.1049/iet-gtd.2015.0257
          Transmission expansion planning model considering conductor thermal dynamics and high temperatur
          Kwon, Jonghwan; Hedman, Kory W. | IET Generation, Transmission &amp; Distribution
  [   13] 2025  10.1016/j.apenergy.2025.126536
          Reliability impact of dynamic thermal rating on power system under high wind penetration and fre
          He, Xi; Teh, Jiashen; Alharbi, Bader | Applied Energy

============================================================================================
modelado_hibrido_fisico_datos
============================================================================================
  [  168] 2021  10.1109/tpwrs.2020.3001919
          Data-Driven Optimal Power Flow: A Physics-Informed Machine Learning Approach
          Lei, Xingyu; Yang, Zhifang; Yu, Juan; Zhao, Junbo; Gao, Qian; Yu, Hongxin | IEEE Transactions on Power Systems
  [  153] 2022  10.1016/j.energy.2022.124384
          Point and interval forecasting of ultra-short-term wind power based on a data-driven method and 
          Niu, Dongxiao; Sun, Lijie; Yu, Min; Wang, Keke | Energy
  [  135] 2020  10.1016/j.energy.2020.117948
          A hybrid data mining driven algorithm for long term electric peak load and energy demand forecas
          Kazemzadeh, Mohammad-Rasool; Amjadian, Ali; Amraee, Turaj | Energy
  [   32] 2025  10.1016/j.enconman.2025.119542
          Physics-Informed machine learning for solar-thermal power systems
          Osorio, Julian D.; Florio, Mario De; Hovsapian, Rob; Chryssostomidis, Chrys; Karniadakis, George | Energy Conversion and Management
  [   29] 2022  10.3390/su14042051
          Application of Physics-Informed Machine Learning Techniques for Power Grid Parameter Estimation
          Lakshminarayana, Subhash; Sthapit, Saurav; Maple, Carsten | Sustainability
  [   29] 2024  10.1016/j.apenergy.2024.123375
          A hybrid physics-based and data-driven model for intra-day and day-ahead wind power forecasting 
          Kirchner-Bossi, Nicolas; Kathari, Gabriel; Porté-Agel, Fernando | Applied Energy
  [   27] 2023  10.1103/prxenergy.2.043003
          Physics-Informed Machine Learning for Power Grid Frequency Modeling
          Kruse, Johannes; Cramer, Eike; Schäfer, Benjamin; Witthaut, Dirk | PRX Energy
  [   25] 2024  10.1016/j.energy.2024.133309
          Hybrid model for robust and accurate forecasting building electricity demand combining physical 
          Dong, Xianzhou; Guo, Weiyong; Zhou, Cheng; Luo, Yongqiang; Tian, Zhiyong; Zhang, Limao; Wu, Xiao | Energy
  [   24] 2022  10.1016/j.epsr.2022.108362
          Physics-informed geometric deep learning for inference tasks in power systems
          de Jongh, Steven; Gielnik, Frederik; Mueller, Felicitas; Schmit, Loris; Suriyah, Michael; Leibfr | Electric Power Systems Research
  [   18] 2024  10.1016/j.renene.2024.121258
          Advanced feature engineering in microgrid PV forecasting: A fast computing and data-driven hybri
          Habib, Md. Ahasan; Hossain, M.J. | Renewable Energy
  [   15] 2024  10.1016/j.ijepes.2023.109741
          Physics-informed machine learning with optimization-based guarantees: Applications to AC power f
          Jalving, Jordan; Eydenberg, Michael; Blakely, Logan; Castillo, Anya; Kilwein, Zachary; Skolfield | International Journal of Electrical Power &amp; Energy Syste
  [   10] 2025  10.1016/j.egyr.2025.08.034
          Addressing photovoltaic (PV) forecasting challenges: Satellite-driven data models for predicting
          Negash, Teklebrhan; Weldemikael, Nahom; Ghebregziabiher, Merhawi; Tedla, Yemane; István, Seres;  | Energy Reports

============================================================================================
pronostico_probabilistico
============================================================================================
  [  143] 2019  10.1016/j.apenergy.2018.10.061
          Electricity consumption probability density forecasting method based on LASSO-Quantile Regressio
          He, Yaoyao; Qin, Yang; Wang, Shuo; Wang, Xu; Wang, Chao | Applied Energy
  [  126] 2016  10.1016/j.ijforecast.2014.12.004
          Probabilistic forecasting of electricity spot prices using Factor Quantile Regression Averaging
          Maciejowska, Katarzyna; Nowotarski, Jakub; Weron, Rafał | International Journal of Forecasting
  [  117] 2019  10.1016/j.apm.2018.10.019
          Multi-objective algorithm for the design of prediction intervals for wind power forecasting mode
          Jiang, Ping; Li, Ranran; Li, Hongmin | Applied Mathematical Modelling
  [   88] 2021  10.1109/tpwrs.2021.3053847
          Operating Reserve Quantification Using Prediction Intervals of Wind Power: An Integrated Probabi
          Zhao, Changfei; Wan, Can; Song, Yonghua | IEEE Transactions on Power Systems
  [   79] 2021  10.1016/j.eneco.2021.105121
          Regularized quantile regression averaging for probabilistic electricity price forecasting
          Uniejewski, Bartosz; Weron, Rafał | Energy Economics
  [   75] 2018  10.1016/j.solener.2018.06.103
          Probabilistic forecasting of solar power, electricity consumption and net load: Investigating th
          van der Meer, D.W.; Munkhammar, J.; Widén, J. | Solar Energy
  [   57] 2015  10.1127/metz/2015/0659
          Predictor-weighting strategies for probabilistic wind power forecasting with an analog ensemble
          Junk, Constantin; Delle Monache, Luca; Alessandrini, Stefano; Cervone, Guido; von Bremen, Lueder | Meteorologische Zeitschrift
  [   56] 2018  10.3390/app8020185
          Wind Power Forecasting Using Multi-Objective Evolutionary Algorithms for Wavelet Neural Network-
          Shen, Yanxia; Wang, Xu; Chen, Jie | Applied Sciences
  [   40] 2020  10.1016/j.tej.2020.106802
          Understanding the determinants on household electricity consumption in Korea: OLS regression and
          Kim, Min-Jeong | The Electricity Journal
  [   31] 2016  10.1016/j.ijforecast.2015.11.007
          K-nearest neighbors for GEFCom2014 probabilistic wind power forecasting
          Mangalova, Ekaterina; Shesterneva, Olesya | International Journal of Forecasting
  [   31] 2024  10.1016/j.energy.2023.129925
          Wholesale electricity price forecasting by Quantile Regression and Kalman Filter method
          Monjazeb, Mohammad Reza; Amiri, Hossein; Movahedi, Akram | Energy
  [   28] 2016  10.1002/we.1988
          Leveraging stochastic differential equations for probabilistic forecasting of wind power using a
          Iversen, Emil B.; Morales, Juan M.; Møller, Jan K.; Trombe, Pierre-Julien; Madsen, Henrik | Wind Energy

============================================================================================
prediccion_conforme
============================================================================================
  [   65] 2022  10.1016/j.energy.2022.123497
          Conformalized temporal convolutional quantile regression networks for wind power interval foreca
          Hu, Jianming; Luo, Qingxi; Tang, Jingwei; Heng, Jiani; Deng, Yuwen | Energy
  [   63] 2024  10.1109/tnnls.2022.3217694
          Ensemble Conformalized Quantile Regression for Probabilistic Time Series Forecasting
          Jensen, Vilde; Bianchi, Filippo Maria; Anfinsen, Stian Normann | IEEE Transactions on Neural Networks and Learning Systems
  [   57] 2022  10.1093/biomet/asac040
          Localized conformal prediction: a generalized inference framework for conformal prediction
          Guan, Leying | Biometrika
  [   20] 2025  10.3390/en18185000
          Benchmarking Transformer Variants for Hour-Ahead PV Forecasting: PatchTST with Adaptive Conforma
          Suresh, Vishnu | Energies
  [   17] 2024  10.1088/1361-6501/ad762c
          Remaining useful life prediction based on time-series features and conformalized quantile regres
          Mao, Song; Li, Xiaofeng; Zhao, Boyang | Measurement Science and Technology
  [   11] 2024  10.1016/j.eswa.2023.122322
          Improving conformalized quantile regression through cluster-based feature relevance
          Sousa, Martim; Tomé, Ana Maria; Moreira, José | Expert Systems with Applications
  [   10] 2025  10.1109/tii.2025.3529920
          Uncertainty Quantification Based on Conformal Prediction for Industrial Time Series With Distrib
          Zhang, Ruiyao; Zhou, Ping | IEEE Transactions on Industrial Informatics
  [    9] 2025  10.1016/j.asoc.2025.113476
          A novel wind power interval prediction method based on neural ensemble search and dynamic confor
          Hu, Jianming; Deng, Yuwen; Che, Jinxing | Applied Soft Computing
  [    9] 2026  10.3390/su18020739
          Probabilistic Photovoltaic Power Forecasting with Reliable Uncertainty Quantification via Multi-
          Wang, Guanghu; Zhou, Yan; Yan, Yan; Zhou, Zhihan; Yang, Zikang; Dai, Litao; Huang, Junpeng | Sustainability
  [    8] 2025  10.1016/j.knosys.2025.114222
          Mamba based adaptive conformal inference for probabilistic short-term load forecasting
          Suresh, Vishnu; Swain, Anshuman; Revathi, B. Sri; Guerrero, Josep M. | Knowledge-Based Systems
  [    7] 2026  10.1038/s41598-026-40637-w
          Conformal selective prediction with cost aware deferral for safe clinical triage under distribut
          Kwon, Hyun; Kim, Dae-Jin | Scientific Reports
  [    7] 2025  10.1609/aaai.v39i16.33915
          CUQDS: Conformal Uncertainty Quantification Under Distribution Shift for Trajectory Prediction
          Huang, Huiqun; He, Sihong; Miao, Fei | Proceedings of the AAAI Conference on Artificial Intelligenc

226 candidatas verificadas guardadas en /Users/pabloreyescerda/Desktop/PROYECTO-CURLTAIMENT/curtailmentiq-research/resultados/fase8/candidatas_crossref.csv
