================================================================================================
FASE 2 - ABLACIONES (comentario R1.3)
================================================================================================
A0 split estatico: listo
A1 ACI puro g=0.02: listo
A1 ACI puro g=0.05: listo
A2 transporte sin ACI: listo
A3 sin shrinkage g=0.02: listo
A3 sin shrinkage g=0.05: listo
A4 completo g=0.02: listo
A4 completo g=0.05: listo

================================================================================================
ABLACIONES - test_transition
================================================================================================
grupo                                   metodo  cobertura  se_cluster  ancho_medio  pct_infinito  IS_finitos    IS_total  segundos
   A0                        A0 split estatico       95.3        0.45       1203.3           0.0      1395.4 1395.425870      0.05
   A1                     A1 ACI puro (g=0.02)       93.5        0.55        915.2           0.0      1158.0 1158.024997      0.26
   A1                     A1 ACI puro (g=0.05)       92.1        0.67        821.6           0.0      1095.8 1095.753340      0.25
   A2                    A2 transporte sin ACI       92.0        0.72        832.7           0.0      1111.5 1111.508423      7.80
   A3 A3 Transporte+ACI sin shrinkage (g=0.02)       91.1        0.80        787.0           0.0      1088.9 1088.912385      0.67
   A3 A3 Transporte+ACI sin shrinkage (g=0.05)       90.9        0.81        805.7           0.0      1107.6 1107.591814      0.68
   A4      A4 Transporte+ACI completo (g=0.02)       91.1        0.80        787.3           0.0      1088.8 1088.771346      7.95
   A4      A4 Transporte+ACI completo (g=0.05)       90.9        0.81        805.6           0.0      1107.0 1107.026564      6.83

================================================================================================
ABLACIONES - TEST_COMPLETO
================================================================================================
grupo                                   metodo  cobertura  se_cluster  ancho_medio  pct_infinito  IS_finitos   IS_total  segundos
   A0                        A0 split estatico       92.5        0.37        678.4           0.0       825.6 825.603647      0.05
   A1                     A1 ACI puro (g=0.02)       90.2        0.43        550.8           0.0       743.3 743.254106      0.26
   A1                     A1 ACI puro (g=0.05)       90.1        0.43        544.4           4.2       753.1        inf      0.25
   A2                    A2 transporte sin ACI       89.9        0.44        529.8           0.0       733.0 733.036236      7.80
   A3 A3 Transporte+ACI sin shrinkage (g=0.02)       90.1        0.44        665.0           0.5       872.6        inf      0.67
   A3 A3 Transporte+ACI sin shrinkage (g=0.05)       90.1        0.43        593.8           6.1       811.1        inf      0.68
   A4      A4 Transporte+ACI completo (g=0.02)       90.1        0.44        663.3           0.5       870.9        inf      7.95
   A4      A4 Transporte+ACI completo (g=0.05)       90.1        0.43        595.9           5.9       812.9        inf      6.83

================================================================================================
APORTE MARGINAL DE CADA COMPONENTE, sobre el interval score
bootstrap de 2000 remuestreos de dias completos, IC de percentil 95%
negativo = el componente mejora; positivo = el componente empeora
================================================================================================

adaptacion online (A1 - A0)
        periodo   d_IS  IS_lo  IS_hi significativo  d_cob_pp  d_segundos
       test_pre  -62.2  -86.4  -38.8            si     -1.03        0.21
test_transition -297.9 -348.3 -250.6            si     -3.21        0.21
        2025-S1  -10.3  -56.7   63.3            no     -2.75        0.21
        2025-S2 -128.0 -173.1  -76.0            si     -1.48        0.21
        2026-S1  -45.1  -57.8  -32.6            si     -2.71        0.21
  TEST_COMPLETO  -95.9 -117.7  -69.6            si     -2.36        0.21

transporte sin ACI (A2 - A0)
        periodo   d_IS  IS_lo  IS_hi significativo  d_cob_pp  d_segundos
       test_pre  -47.2  -67.8  -27.4            si     -0.47        7.75
test_transition -282.9 -323.1 -244.7            si     -3.29        7.75
        2025-S1  -72.6  -95.9  -47.4            si     -3.96        7.75
        2025-S2  -50.4  -89.0   -8.8            si     -0.99        7.75
        2026-S1  -67.7  -84.1  -52.3            si     -3.01        7.75
  TEST_COMPLETO  -94.2 -110.6  -77.3            si     -2.62        7.75

transporte sobre ACI (A3 - A1)
        periodo  d_IS  IS_lo  IS_hi significativo  d_cob_pp  d_segundos
       test_pre -28.0  -42.2  -14.9            si     -0.41        0.42
test_transition  12.0  -11.0   36.5            no     -1.25        0.42
        2025-S1 119.9   40.7  225.8            si      0.76        0.42
        2025-S2 102.8   48.9  167.9            si     -0.88        0.42
        2026-S1  30.3   22.6   38.5            si      0.76        0.42
  TEST_COMPLETO  68.6   40.7   99.9            si     -0.06        0.42

shrinkage de cola (A4 - A3)
        periodo  d_IS  IS_lo  IS_hi significativo  d_cob_pp  d_segundos
       test_pre  -1.3   -2.2   -0.5            si     -0.03        6.16
test_transition  -0.6   -1.5    0.2            no      0.00        6.16
        2025-S1 -10.4  -21.7   -1.8            si      0.02        6.16
        2025-S2 -12.6  -22.6   -5.5            si     -0.01        6.16
        2026-S1   0.0   -0.2    0.2            no      0.01        6.16
  TEST_COMPLETO  -6.4  -10.3   -3.2            si      0.00        6.16

pipeline completo (A4 - A0)
        periodo   d_IS  IS_lo  IS_hi significativo  d_cob_pp  d_segundos
       test_pre  -91.5 -126.6  -56.6            si     -1.47        6.79
test_transition -286.5 -351.2 -227.1            si     -4.46        6.79
        2025-S1   58.8  -15.1  157.7            no     -1.97        6.79
        2025-S2   14.3  -92.5  143.1            no     -2.37        6.79
        2026-S1  -14.7  -27.6   -2.5            si     -1.94        6.79
  TEST_COMPLETO  -32.3  -69.8    9.3            no     -2.42        6.79

guardado en resultados/fase2/
