==============================================================================
EXPERIMENTO CENTRAL - PREDICCIONES REALES (dataset v1.0)
Diseno: Kerven Cea. Insumo real: pred_hurdle.csv. NO es sintetico.
==============================================================================

sigma hurdle REAL = 1.702  (sintetico era 0.839: el doble)
Cortes: calibracion [2024-01-01, 2024-09-01)  26,552 filas, 244 dias
  test_pre   [2024-09-01, 2024-10-01)    3,390 filas    30 dias
  test_transition [2024-10-01, 2025-01-01)   10,607 filas    92 dias
  2025-S1    [2025-01-01, 2025-07-01)   21,784 filas   181 dias
  2025-S2    [2025-07-01, 2026-01-01)   22,941 filas   184 dias
  2026-S1    [2026-01-01, 2026-06-01)   19,146 filas   151 dias

------------------------------------------------------------------------------
1. Conformal estatico PIT (referencia)
------------------------------------------------------------------------------
qhat PIT = 0.9242

------------------------------------------------------------------------------
2. Ventana deslizante 60d / refresco 7d, score PIT
------------------------------------------------------------------------------
  listo (92 refrescos)

------------------------------------------------------------------------------
3. ACI sobre score PIT
------------------------------------------------------------------------------
  gamma=0.020: alpha_t final=0.1260
  gamma=0.050: alpha_t final=0.1264

------------------------------------------------------------------------------
4. Transporte de scores + ACI, con banda de bootstrap
------------------------------------------------------------------------------
  gamma=0.020: alpha_t final=0.0992  (banda en ramp: sd_cola=0.003 lam_cola=1.00)
  gamma=0.050: alpha_t final=0.1061  (banda en ramp: sd_cola=0.003 lam_cola=1.00)

==============================================================================
TABLA UNICA (DATOS REALES): metodo x periodo
cobertura y se_cluster en %; ancho_medio en MWh sobre intervalos finitos;
se_cluster = error estandar de la cobertura diaria, CLUSTERIZADO POR FECHA
==============================================================================
                metodo         periodo  cobertura  se_cluster  ancho_medio  pct_infinito  n_dias     n
        1_estatico_pit        test_pre       93.5        1.03        799.1           0.0      30  3390
        1_estatico_pit test_transition       95.3        0.45       1203.3           0.0      92 10607
        1_estatico_pit         2025-S1       89.4        1.04        454.8           0.0     181 21784
        1_estatico_pit         2025-S2       94.0        0.45        750.1           0.0     184 22941
        1_estatico_pit         2026-S1       92.5        0.58        534.9           0.0     151 19146
      2_ventana60d_pit        test_pre       93.0        1.04        741.6           0.0      30  3390
      2_ventana60d_pit test_transition       92.0        0.73        833.8           0.0      92 10607
      2_ventana60d_pit         2025-S1       85.4        1.16        323.0           0.0     181 21784
      2_ventana60d_pit         2025-S2       92.9        0.51        649.8           0.0     184 22941
      2_ventana60d_pit         2026-S1       89.5        0.76        418.6           0.0     151 19146
         3_aci_pit_g02        test_pre       93.0        1.06        759.3           0.0      30  3390
         3_aci_pit_g02 test_transition       93.5        0.55        915.2           0.0      92 10607
         3_aci_pit_g02         2025-S1       85.7        1.16        345.2           0.0     181 21784
         3_aci_pit_g02         2025-S2       93.5        0.49        668.8           0.0     184 22941
         3_aci_pit_g02         2026-S1       89.1        0.76        404.6           0.0     151 19146
         3_aci_pit_g05        test_pre       92.4        1.16        717.7           0.0      30  3390
         3_aci_pit_g05 test_transition       92.1        0.67        821.6           0.0      92 10607
         3_aci_pit_g05         2025-S1       86.6        1.14        404.8           2.8     181 21784
         3_aci_pit_g05         2025-S2       92.5        0.58        609.3          11.8     184 22941
         3_aci_pit_g05         2026-S1       89.8        0.75        445.8           0.0     151 19146
4_transporte_banda_g02        test_pre       92.6        1.07        713.3           0.0      30  3390
4_transporte_banda_g02 test_transition       91.1        0.80        787.3           0.0      92 10607
4_transporte_banda_g02         2025-S1       86.5        1.17        436.6           0.6     181 21784
4_transporte_banda_g02         2025-S2       92.4        0.60        986.1           1.1     184 22941
4_transporte_banda_g02         2026-S1       90.3        0.73        459.4           0.0     151 19146
4_transporte_banda_g05        test_pre       92.0        1.19        680.7           0.0      30  3390
4_transporte_banda_g05 test_transition       90.9        0.81        805.6           0.0      92 10607
4_transporte_banda_g05         2025-S1       87.4        1.13        445.6           9.9     181 21784
4_transporte_banda_g05         2025-S2       91.6        0.63        717.7          10.7     184 22941
4_transporte_banda_g05         2026-S1       90.5        0.72        488.7           0.0     151 19146

------------------------------------------------------------------------------
CRPS del modelo base REAL por periodo (propiedad del hurdle, no del
metodo conformal). Con sigma=1.70 la predictiva es de cola muy pesada:
el CRPS es grande y sensible a la cola, se reporta tal cual.
------------------------------------------------------------------------------
  test_pre   CRPS =    96.07 MWh  (n=3,390)
  test_transition CRPS =   133.47 MWh  (n=10,607)
  2025-S1    CRPS =    70.46 MWh  (n=21,784)
  2025-S2    CRPS =    94.49 MWh  (n=22,941)
  2026-S1    CRPS =    78.98 MWh  (n=19,146)

------------------------------------------------------------------------------
Figura: cobertura rodante 90d (datos reales)
------------------------------------------------------------------------------
  guardado conformal_v3_cobertura_rodante.pdf y .png

==============================================================================
