================================================================================================
FASE 6 - CRONOLOGIA Y PUNTOS DE CAMBIO (R2.3) + deuda H2
semilla 20260901 | bootstrap 500 | permutaciones 300
================================================================================================
tabla diaria: 293,678 filas, 2022-01-01 a 2026-05-31
  solar_norte: 75,861 filas, 55 centrales
  sistema_sol_eol: 172,376 filas, 131 centrales

------------------------------------------------------------------------------------------------
8. SENSIBILIDAD DE LA EVALUACION A FRONTERAS ALTERNATIVAS
------------------------------------------------------------------------------------------------
              periodo  w1_vs_calibracion                  metodo  cobertura  se_cluster  ancho_medio  IS_finitos
oficial: oct-dic 2024              1.253          Split estatico       95.3        0.45       1203.3      1395.4
oficial: oct-dic 2024              1.253            ACI (g=0.02)       93.5        0.55        915.2      1158.0
oficial: oct-dic 2024              1.253 Transporte+ACI (g=0.05)       90.9        0.81        805.6      1107.0
         sep-dic 2024              1.179          Split estatico       94.9        0.43       1105.4      1278.8
         sep-dic 2024              1.179            ACI (g=0.02)       93.4        0.49        877.4      1091.3
         sep-dic 2024              1.179 Transporte+ACI (g=0.05)       91.1        0.68        775.3      1038.1
    nov 2024-ene 2025              1.109          Split estatico       94.8        0.79       1105.2      1255.7
    nov 2024-ene 2025              1.109            ACI (g=0.02)       91.2        1.17        787.9      1018.9
    nov 2024-ene 2025              1.109 Transporte+ACI (g=0.05)       88.6        1.43        794.8      1083.4
    oct 2024-feb 2025              1.002          Split estatico       94.5        0.57       1000.3      1163.8
    oct 2024-feb 2025              1.002            ACI (g=0.02)       91.2        0.83        731.9       964.6
    oct 2024-feb 2025              1.002 Transporte+ACI (g=0.05)       89.5        1.01        787.3      1086.2
         oct-nov 2024              1.342          Split estatico       94.0        0.58       1108.1      1372.6
         oct-nov 2024              1.342            ACI (g=0.02)       92.4        0.73        896.2      1219.2
         oct-nov 2024              1.342 Transporte+ACI (g=0.05)       89.9        1.08        841.5      1223.4
    sep 2024-mar 2025              0.992          Split estatico       94.3        0.50        967.8      1123.5
    sep 2024-mar 2025              0.992            ACI (g=0.02)       91.5        0.72        736.3       951.4
    sep 2024-mar 2025              0.992 Transporte+ACI (g=0.05)       89.9        0.87        768.8      1040.5
