================================================================================================
FASE 2 - ABLACIONES (comentario R1.3)
================================================================================================
A0 split estatico: listo
A1 ACI puro g=0.02: listo
A1 ACI puro g=0.05: listo
A2 transporte sin ACI: listo
A3 sin shrinkage g=0.02: listo
A3 sin shrinkage g=0.05: listo
A4 completo g=0.02: listo
A4 completo g=0.05: listo

================================================================================================
ABLACIONES - test_transition
================================================================================================
grupo                                   metodo  cobertura  se_cluster  ancho_medio  pct_infinito  IS_finitos    IS_total  segundos
   A0                        A0 split estatico       95.3        0.45       1203.3           0.0      1587.6 1587.584565      0.01
   A1                     A1 ACI puro (g=0.02)       93.5        0.55        915.2           0.0      1400.8 1400.849087      0.23
   A1                     A1 ACI puro (g=0.05)       92.1        0.67        821.6           0.0      1369.9 1369.942757      0.21
   A2                    A2 transporte sin ACI       92.0        0.72        832.7           0.0      1390.3 1390.339214      7.13
   A3 A3 Transporte+ACI sin shrinkage (g=0.02)       91.1        0.80        787.0           0.0      1390.8 1390.792812      0.58
   A3 A3 Transporte+ACI sin shrinkage (g=0.05)       90.9        0.81        805.7           0.0      1409.5 1409.512489      0.63
   A4      A4 Transporte+ACI completo (g=0.02)       91.1        0.80        786.2           0.0      1390.0 1389.991078      6.95
   A4      A4 Transporte+ACI completo (g=0.05)       90.9        0.81        805.9           0.0      1409.3 1409.259355      6.69

================================================================================================
ABLACIONES - TEST_COMPLETO
================================================================================================
grupo                                   metodo  cobertura  se_cluster  ancho_medio  pct_infinito  IS_finitos   IS_total  segundos
   A0                        A0 split estatico       92.5        0.37        678.4           0.0       972.8 972.803201      0.01
   A1                     A1 ACI puro (g=0.02)       90.2        0.43        550.8           0.0       935.7 935.729640      0.23
   A1                     A1 ACI puro (g=0.05)       90.1        0.43        544.4           4.2       961.8        inf      0.21
   A2                    A2 transporte sin ACI       89.9        0.44        529.8           0.0       936.3 936.263962      7.13
   A3 A3 Transporte+ACI sin shrinkage (g=0.02)       90.1        0.44        665.0           0.5      1080.1        inf      0.58
   A3 A3 Transporte+ACI sin shrinkage (g=0.05)       90.1        0.43        593.8           6.1      1028.5        inf      0.63
   A4      A4 Transporte+ACI completo (g=0.02)       90.1        0.44        663.3           0.5      1078.5        inf      6.95
   A4      A4 Transporte+ACI completo (g=0.05)       90.1        0.43        593.4           6.1      1028.2        inf      6.69

================================================================================================
APORTE MARGINAL DE CADA COMPONENTE, sobre el interval score
bootstrap de 2000 remuestreos de dias completos, IC de percentil 95%
negativo = el componente mejora; positivo = el componente empeora
================================================================================================

adaptacion online (A1 - A0)
        periodo   d_IS  IS_lo  IS_hi significativo  d_cob_pp  d_segundos
       test_pre  -42.9  -66.9  -17.8            si     -1.03         0.2
test_transition -215.8 -274.4 -161.0            si     -3.21         0.2
        2025-S1   32.4  -21.8  109.3            no     -2.75         0.2
        2025-S2  -46.4  -90.1    5.5            no     -1.48         0.2
        2026-S1   -0.9  -18.9   17.6            no     -2.71         0.2
  TEST_COMPLETO  -37.8  -60.3  -10.1            si     -2.36         0.2

transporte sin ACI (A2 - A0)
        periodo   d_IS  IS_lo  IS_hi significativo  d_cob_pp  d_segundos
       test_pre  -36.7  -56.5  -18.2            si     -0.47         7.1
test_transition -195.8 -249.6 -144.7            si     -3.29         7.1
        2025-S1  -12.1  -44.5   25.6            no     -3.96         7.1
        2025-S2   -0.6  -35.5   36.5            no     -0.99         7.1
        2026-S1  -18.0  -39.7    4.8            no     -3.01         7.1
  TEST_COMPLETO  -37.8  -55.9  -19.3            si     -2.62         7.1

transporte sobre ACI (A3 - A1)
        periodo  d_IS  IS_lo  IS_hi significativo  d_cob_pp  d_segundos
       test_pre -20.8  -33.8   -8.8            si     -0.41         0.4
test_transition  39.8   17.8   62.4            si     -1.25         0.4
        2025-S1 110.8   32.4  213.5            si      0.76         0.4
        2025-S2 127.2   76.2  189.2            si     -0.88         0.4
        2026-S1  17.7    8.8   26.7            si      0.76         0.4
  TEST_COMPLETO  74.2   46.7  105.0            si     -0.06         0.4

shrinkage de cola (A4 - A3)
        periodo  d_IS  IS_lo  IS_hi significativo  d_cob_pp  d_segundos
       test_pre  -0.2   -0.6    0.3            no      0.00         6.1
test_transition  -0.3   -1.2    0.5            no     -0.00         6.1
        2025-S1  -6.6  -15.2   -0.1            si     -0.01         6.1
        2025-S2   6.3    2.5   11.7            si      0.01         6.1
        2026-S1  -0.8   -1.6   -0.2            si      0.01         6.1
  TEST_COMPLETO  -0.3   -2.9    1.8            no      0.00         6.1

pipeline completo (A4 - A0)
        periodo   d_IS  IS_lo  IS_hi significativo  d_cob_pp  d_segundos
       test_pre  -63.9  -98.2  -29.2            si     -1.45         6.7
test_transition -176.3 -248.8 -106.0            si     -4.46         6.7
        2025-S1  100.0   18.9  201.7            si     -2.00         6.7
        2025-S2  104.2   13.6  216.1            si     -2.35         6.7
        2026-S1   15.9    0.7   30.9            si     -1.94         6.7
  TEST_COMPLETO   29.3   -8.0   71.6            no     -2.42         6.7

guardado en resultados/fase2/
