/Users/pabloreyescerda/Desktop/PROYECTO-CURLTAIMENT/curtailmentiq-model/venv/lib/python3.12/site-packages/numpy/lib/_nanfunctions_impl.py:1593: RuntimeWarning: All-NaN slice encountered
  return fnb._ureduce(a,
/Users/pabloreyescerda/Desktop/PROYECTO-CURLTAIMENT/curtailmentiq-model/venv/lib/python3.12/site-packages/numpy/lib/_nanfunctions_impl.py:1593: RuntimeWarning: All-NaN slice encountered
  return fnb._ureduce(a,
================================================================================================
FASE 4 - METRICAS APROPIADAS Y BENCHMARKS PROBABILISTICOS (R1.5, R2.6)
================================================================================================
test: 77,868 filas, 638 dias, 131 centrales
CRPS sobre el test completo: hurdle 89.52 MWh, GBM multi-cuantil 67.97 MWh

------------------------------------------------------------------------------------------------
1. Metodos del manuscrito, con la bateria de metricas completa
------------------------------------------------------------------------------------------------
2. Configuracion seleccionada por origen rodante en la Fase 3
3. Benchmarks probabilisticos
   B3 CQR: cuantil base tau=0.9, ajuste conformal Q = +26.9 MWh

================================================================================================
TEST COMPLETO (sep 2024 a may 2026). IS_total = +inf si hay algun
intervalo infinito: ese es el veredicto, el ancho medio no lo es.
================================================================================================
     familia                                  metodo  cobertura  se_cluster  ancho_medio  pct_infinito  IS_finitos   IS_total      crps
   benchmark               B2 distribucion movil 60d       86.5        0.51        282.5           0.0       583.3 583.300314       NaN
   benchmark                 B3 CQR unilateral (GBM)       89.8        0.38        276.0           0.0       600.6 600.622579 67.974681
   benchmark                B1 cuantil empirico 365d       87.2        0.51        316.9           0.0       656.1 656.051318       NaN
       paper                            ACI (g=0.02)       90.2        0.43        550.8           0.0       935.7 935.729640 89.515462
seleccionado                   ACI (g=0.005, Fase 3)       90.9        0.41        589.5           0.0       935.8 935.789706 89.515462
       paper                  Ventana deslizante 60d       89.9        0.44        530.6           0.0       937.1 937.075631 89.515462
   benchmark            B4 lognormal inflada en cero       82.4        0.41        338.2           0.0       940.4 940.375339       NaN
seleccionado Transporte+ACI (g=0.005, v=120, Fase 3)       90.0        0.45        564.5           0.0       957.8 957.822689 89.515462
       paper                            ACI (g=0.05)       90.1        0.43        544.4           4.2       961.8        inf 89.515462
       paper                    Split estatico (PIT)       92.5        0.37        678.4           0.0       972.8 972.803201 89.515462
       paper                 Transporte+ACI (g=0.05)       90.1        0.43        591.4           6.1      1026.1        inf 89.515462
       paper                 Transporte+ACI (g=0.02)       90.1        0.44        663.3           0.5      1078.5        inf 89.515462

================================================================================================
EFECTO DE ACOTAR LA ACTUALIZACION DE ALPHA (encargo explicito de R1.5)
================================================================================================
                 metodo            cota  cobertura  se_cluster  ancho_medio  pct_infinito  IS_finitos    IS_total
           ACI (g=0.02)        sin cota       90.2        0.43        550.8           0.0       935.7  935.729640
Transporte+ACI (g=0.02)        sin cota       90.1        0.44        663.3           0.5      1078.5         inf
           ACI (g=0.05)        sin cota       90.1        0.43        544.4           4.2       961.8         inf
Transporte+ACI (g=0.05)        sin cota       90.1        0.43        593.4           6.1      1028.2         inf
           ACI (g=0.02) alpha_min=0.005       90.2        0.43        550.8           0.0       935.7  935.729640
Transporte+ACI (g=0.02) alpha_min=0.005       90.0        0.44        644.9           0.0      1059.7 1059.699821
           ACI (g=0.05) alpha_min=0.005       89.8        0.43        550.2           0.0       956.2  956.233394
Transporte+ACI (g=0.05) alpha_min=0.005       89.6        0.43        639.8           0.0      1058.7 1058.659054
           ACI (g=0.02)  alpha_min=0.01       90.2        0.43        550.8           0.0       935.7  935.729640
Transporte+ACI (g=0.02)  alpha_min=0.01       90.0        0.44        616.1           0.0      1032.3 1032.339488
           ACI (g=0.05)  alpha_min=0.01       89.8        0.43        536.1           0.0       942.2  942.246415
Transporte+ACI (g=0.05)  alpha_min=0.01       89.6        0.43        597.2           0.0      1016.8 1016.846975
           ACI (g=0.02)  alpha_min=0.02       90.2        0.43        547.2           0.0       932.8  932.770517
Transporte+ACI (g=0.02)  alpha_min=0.02       89.9        0.44        582.5           0.0      1001.7 1001.658415
           ACI (g=0.05)  alpha_min=0.02       89.7        0.43        525.3           0.0       931.8  931.816461
Transporte+ACI (g=0.05)  alpha_min=0.02       89.5        0.43        559.2           0.0       980.8  980.837244

Fraccion de intervalos infinitos por ventana y cota:
periodo                                  test_pre  test_transition  2025-S1  2025-S2  2026-S1
metodo                  cota                                                                 
ACI (g=0.02)            alpha_min=0.005       0.0              0.0      0.0      0.0      0.0
                        alpha_min=0.01        0.0              0.0      0.0      0.0      0.0
                        alpha_min=0.02        0.0              0.0      0.0      0.0      0.0
                        sin cota              0.0              0.0      0.0      0.0      0.0
ACI (g=0.05)            alpha_min=0.005       0.0              0.0      0.0      0.0      0.0
                        alpha_min=0.01        0.0              0.0      0.0      0.0      0.0
                        alpha_min=0.02        0.0              0.0      0.0      0.0      0.0
                        sin cota              0.0              0.0      2.8     11.8      0.0
Transporte+ACI (g=0.02) alpha_min=0.005       0.0              0.0      0.0      0.0      0.0
                        alpha_min=0.01        0.0              0.0      0.0      0.0      0.0
                        alpha_min=0.02        0.0              0.0      0.0      0.0      0.0
                        sin cota              0.0              0.0      0.6      1.1      0.0
Transporte+ACI (g=0.05) alpha_min=0.005       0.0              0.0      0.0      0.0      0.0
                        alpha_min=0.01        0.0              0.0      0.0      0.0      0.0
                        alpha_min=0.02        0.0              0.0      0.0      0.0      0.0
                        sin cota              0.0              0.0      9.9     11.2      0.0

================================================================================================
INCERTIDUMBRE DE LAS DIFERENCIAS entre metodos (R1.5)
bootstrap de 2000 remuestreos de dias completos, IC de percentil 95%
sobre el interval score. Referencia: Split estatico (PIT).
================================================================================================
                                 metodo   d_IS  IS_lo  IS_hi significativo  d_cob_pp  cob_lo  cob_hi  pct_descartado
              B2 distribucion movil 60d -391.7 -425.3 -358.4            si     -5.98   -7.04   -4.93            0.00
                B3 CQR unilateral (GBM) -376.0 -406.9 -346.1            si     -2.64   -3.19   -2.06            0.00
               B1 cuantil empirico 365d -316.3 -347.5 -285.6            si     -5.30   -6.44   -4.14            0.00
           B4 lognormal inflada en cero  -38.2  -66.2  -10.2            si    -10.10  -11.12   -9.10            0.00
                           ACI (g=0.02)  -38.1  -53.9  -21.9            si     -2.23   -2.57   -1.90            0.00
                           ACI (g=0.05)  -37.8  -60.3  -10.1            si     -2.36   -2.76   -1.94            4.25
                  ACI (g=0.005, Fase 3)  -37.3  -44.8  -29.7            si     -1.61   -1.79   -1.45            0.00
                 Ventana deslizante 60d  -37.0  -55.2  -18.4            si     -2.62   -3.02   -2.24            0.00
Transporte+ACI (g=0.005, v=120, Fase 3)  -16.0  -34.3    2.4            no     -2.50   -2.91   -2.11            0.00
                Transporte+ACI (g=0.05)   27.2  -10.0   68.7            no     -2.42   -2.92   -1.91            6.08
                Transporte+ACI (g=0.02)  101.2   40.0  175.2            si     -2.42   -2.90   -1.95            0.47

guardado en resultados/fase4/
