This is pdfTeX, Version 3.141592653-2.6-1.40.29 (TeX Live 2026) (preloaded format=pdflatex)
 restricted \write18 enabled.
entering extended mode
(./marcado.tex
LaTeX2e <2026-06-01>
L3 programming layer <2026-08-10>
(./elsarticle.cls
Document Class: elsarticle 2026/01/09, 3.5: Elsevier Ltd
(/Users/pabloreyescerda/Library/TinyTeX/texmf-dist/tex/latex/base/fontenc.sty) (/Users/pabloreyescerda/Library/TinyTeX/texmf-dist/tex/latex/l3kernel/expl3.sty (/Users/pabloreyescerda/Library/TinyTeX/texmf-dist/tex/latex/l3kernel/l3backend-pdftex.def)) (/Users/pabloreyescerda/Library/TinyTeX/texmf-dist/tex/latex/l3packages/xparse/xparse.sty) (/Users/pabloreyescerda/Library/TinyTeX/texmf-dist/tex/latex/etoolbox/etoolbox.sty) (/Users/pabloreyescerda/Library/TinyTeX/texmf-dist/tex/latex/base/article.cls
Document Class: article 2025/01/22 v1.4n Standard LaTeX document class
(/Users/pabloreyescerda/Library/TinyTeX/texmf-dist/tex/latex/base/size10.clo)) (/Users/pabloreyescerda/Library/TinyTeX/texmf-dist/tex/latex/graphics/graphicx.sty (/Users/pabloreyescerda/Library/TinyTeX/texmf-dist/tex/latex/graphics/keyval.sty) (/Users/pabloreyescerda/Library/TinyTeX/texmf-dist/tex/latex/graphics/graphics.sty (/Users/pabloreyescerda/Library/TinyTeX/texmf-dist/tex/latex/graphics/trig.sty) (/Users/pabloreyescerda/Library/TinyTeX/texmf-dist/tex/latex/graphics-cfg/graphics.cfg) (/Users/pabloreyescerda/Library/TinyTeX/texmf-dist/tex/latex/graphics-def/pdftex.def))) (./marcado.spl) (/Users/pabloreyescerda/Library/TinyTeX/texmf-dist/tex/latex/natbib/natbib.sty) (/Users/pabloreyescerda/Library/TinyTeX/texmf-dist/tex/latex/geometry/geometry.sty (/Users/pabloreyescerda/Library/TinyTeX/texmf-dist/tex/generic/iftex/ifvtex.sty (/Users/pabloreyescerda/Library/TinyTeX/texmf-dist/tex/generic/iftex/iftex.sty)))) (/Users/pabloreyescerda/Library/TinyTeX/texmf-dist/tex/latex/txfonts/txfonts.sty) (/Users/pabloreyescerda/Library/TinyTeX/texmf-dist/tex/latex/amsmath/amsmath.sty
For additional information on amsmath, use the `?' option.
(/Users/pabloreyescerda/Library/TinyTeX/texmf-dist/tex/latex/amsmath/amstext.sty (/Users/pabloreyescerda/Library/TinyTeX/texmf-dist/tex/latex/amsmath/amsgen.sty)) (/Users/pabloreyescerda/Library/TinyTeX/texmf-dist/tex/latex/amsmath/amsbsy.sty) (/Users/pabloreyescerda/Library/TinyTeX/texmf-dist/tex/latex/amsmath/amsopn.sty)) (/Users/pabloreyescerda/Library/TinyTeX/texmf-dist/tex/latex/amsfonts/amssymb.sty (/Users/pabloreyescerda/Library/TinyTeX/texmf-dist/tex/latex/amsfonts/amsfonts.sty)) (/Users/pabloreyescerda/Library/TinyTeX/texmf-dist/tex/latex/booktabs/booktabs.sty) (/Users/pabloreyescerda/Library/TinyTeX/texmf-dist/tex/latex/url/url.sty) (/Users/pabloreyescerda/Library/TinyTeX/texmf-dist/tex/latex/hyperref/hyperref.sty (/Users/pabloreyescerda/Library/TinyTeX/texmf-dist/tex/latex/kvsetkeys/kvsetkeys.sty) (/Users/pabloreyescerda/Library/TinyTeX/texmf-dist/tex/generic/kvdefinekeys/kvdefinekeys.sty) (/Users/pabloreyescerda/Library/TinyTeX/texmf-dist/tex/generic/pdfescape/pdfescape.sty (/Users/pabloreyescerda/Library/TinyTeX/texmf-dist/tex/generic/ltxcmds/ltxcmds.sty) (/Users/pabloreyescerda/Library/TinyTeX/texmf-dist/tex/generic/pdftexcmds/pdftexcmds.sty (/Users/pabloreyescerda/Library/TinyTeX/texmf-dist/tex/generic/infwarerr/infwarerr.sty))) (/Users/pabloreyescerda/Library/TinyTeX/texmf-dist/tex/latex/hycolor/hycolor.sty) (/Users/pabloreyescerda/Library/TinyTeX/texmf-dist/tex/latex/hyperref/nameref.sty (/Users/pabloreyescerda/Library/TinyTeX/texmf-dist/tex/latex/refcount/refcount.sty) (/Users/pabloreyescerda/Library/TinyTeX/texmf-dist/tex/generic/gettitlestring/gettitlestring.sty (/Users/pabloreyescerda/Library/TinyTeX/texmf-dist/tex/latex/kvoptions/kvoptions.sty))) (/Users/pabloreyescerda/Library/TinyTeX/texmf-dist/tex/generic/stringenc/stringenc.sty) (/Users/pabloreyescerda/Library/TinyTeX/texmf-dist/tex/latex/hyperref/pd1enc.def) (/Users/pabloreyescerda/Library/TinyTeX/texmf-dist/tex/generic/intcalc/intcalc.sty) (/Users/pabloreyescerda/Library/TinyTeX/texmf-dist/tex/latex/hyperref/puenc.def) (/Users/pabloreyescerda/Library/TinyTeX/texmf-dist/tex/generic/bitset/bitset.sty (/Users/pabloreyescerda/Library/TinyTeX/texmf-dist/tex/generic/bigintcalc/bigintcalc.sty))) (/Users/pabloreyescerda/Library/TinyTeX/texmf-dist/tex/latex/hyperref/hpdftex.def (/Users/pabloreyescerda/Library/TinyTeX/texmf-dist/tex/latex/rerunfilecheck/rerunfilecheck.sty (/Users/pabloreyescerda/Library/TinyTeX/texmf-dist/tex/generic/uniquecounter/uniquecounter.sty))) (/Users/pabloreyescerda/Library/TinyTeX/texmf-dist/tex/latex/siunitx/siunitx.sty (/Users/pabloreyescerda/Library/TinyTeX/texmf-dist/tex/latex/tools/array.sty)) (/Users/pabloreyescerda/Library/TinyTeX/texmf-dist/tex/latex/multirow/multirow.sty) (/Users/pabloreyescerda/Library/TinyTeX/texmf-dist/tex/latex/tools/longtable.sty) (/Users/pabloreyescerda/Library/TinyTeX/texmf-dist/tex/latex/algorithms/algorithm.sty (/Users/pabloreyescerda/Library/TinyTeX/texmf-dist/tex/latex/float/float.sty) (/Users/pabloreyescerda/Library/TinyTeX/texmf-dist/tex/latex/base/ifthen.sty)) (/Users/pabloreyescerda/Library/TinyTeX/texmf-dist/tex/latex/algorithmicx/algpseudocode.sty (/Users/pabloreyescerda/Library/TinyTeX/texmf-dist/tex/latex/algorithmicx/algorithmicx.sty
Document Style algorithmicx 1.2 - a greatly improved `algorithmic' style
)
Document Style - pseudocode environments for use with the `algorithmicx' style
) (/Users/pabloreyescerda/Library/TinyTeX/texmf-dist/tex/latex/changebar/changebar.sty) (/Users/pabloreyescerda/Library/TinyTeX/texmf-dist/tex/latex/graphics/color.sty (/Users/pabloreyescerda/Library/TinyTeX/texmf-dist/tex/latex/graphics-cfg/color.cfg) (/Users/pabloreyescerda/Library/TinyTeX/texmf-dist/tex/latex/graphics/mathcolor.ltx)) (/Users/pabloreyescerda/Library/TinyTeX/texmf-dist/tex/latex/oberdiek/settobox.sty) (/Users/pabloreyescerda/Library/TinyTeX/texmf-dist/tex/latex/letltxmacro/letltxmacro.sty) (/Users/pabloreyescerda/Library/TinyTeX/texmf-dist/tex/latex/txfonts/t1txr.fd) (./marcado.aux) (/Users/pabloreyescerda/Library/TinyTeX/texmf-dist/tex/latex/txfonts/omltxmi.fd) (/Users/pabloreyescerda/Library/TinyTeX/texmf-dist/tex/latex/txfonts/omstxsy.fd) (/Users/pabloreyescerda/Library/TinyTeX/texmf-dist/tex/latex/txfonts/omxtxex.fd) (/Users/pabloreyescerda/Library/TinyTeX/texmf-dist/tex/latex/txfonts/utxexa.fd) (/Users/pabloreyescerda/Library/TinyTeX/texmf-dist/tex/latex/epstopdf-pkg/epstopdf-base.sty (/Users/pabloreyescerda/Library/TinyTeX/texmf-dist/tex/latex/latexconfig/epstopdf-sys.cfg))
*geometry* driver: auto-detecting
*geometry* detected driver: pdftex
(./marcado.out) (./marcado.out) (/Users/pabloreyescerda/Library/TinyTeX/texmf-dist/tex/latex/txfonts/ot1txr.fd) (/Users/pabloreyescerda/Library/TinyTeX/texmf-dist/tex/latex/txfonts/utxmia.fd) (/Users/pabloreyescerda/Library/TinyTeX/texmf-dist/tex/latex/amsfonts/umsa.fd) (/Users/pabloreyescerda/Library/TinyTeX/texmf-dist/tex/latex/amsfonts/umsb.fd) (/Users/pabloreyescerda/Library/TinyTeX/texmf-dist/tex/latex/txfonts/utxsyc.fd)

Package hyperref Warning: Token not allowed in a PDF string (Unicode):
(hyperref)                removing `\<let>-command' on input line 123.


Package hyperref Warning: Token not allowed in a PDF string (Unicode):
(hyperref)                removing `\includegraphics' on input line 123.


Package hyperref Warning: Token not allowed in a PDF string (Unicode):
(hyperref)                removing `\DIFdelincludegraphics' on input line 123.


Package hyperref Warning: Token not allowed in a PDF string (Unicode):
(hyperref)                removing `\<let>-command' on input line 123.


Package hyperref Warning: Token not allowed in a PDF string (Unicode):
(hyperref)                removing `\includegraphics' on input line 123.


Package hyperref Warning: Token not allowed in a PDF string (Unicode):
(hyperref)                removing `\DIFOincludegraphics' on input line 123.


Package hyperref Warning: Token not allowed in a PDF string (Unicode):
(hyperref)                removing `\<let>-command' on input line 123.


Package hyperref Warning: Token not allowed in a PDF string (Unicode):
(hyperref)                removing `\includegraphics' on input line 123.


Package hyperref Warning: Token not allowed in a PDF string (Unicode):
(hyperref)                removing `\DIFaddincludegraphics' on input line 123.


Package hyperref Warning: Token not allowed in a PDF string (Unicode):
(hyperref)                removing `\<let>-command' on input line 123.


Package hyperref Warning: Token not allowed in a PDF string (Unicode):
(hyperref)                removing `\includegraphics' on input line 123.


Package hyperref Warning: Token not allowed in a PDF string (Unicode):
(hyperref)                removing `\DIFOincludegraphics' on input line 123.


Package hyperref Warning: Token not allowed in a PDF string (Unicode):
(hyperref)                removing `\<def>-command' on input line 123.


Package hyperref Warning: Token not allowed in a PDF string (Unicode):
(hyperref)                removing `\cnotenum' on input line 123.


Package hyperref Warning: Token not allowed in a PDF string (Unicode):
(hyperref)                removing `\<def>-command' on input line 123.


Package hyperref Warning: Token not allowed in a PDF string (Unicode):
(hyperref)                removing `\@corref' on input line 123.

[1{/Users/pabloreyescerda/Library/TinyTeX/texmf-var/fonts/map/pdftex/updmap/pdftex.map}{/Users/pabloreyescerda/Library/TinyTeX/texmf-dist/fonts/enc/dvips/base/8r.enc}] [2] [3] [4] [5] [6] [7] [8
pdfTeX warning (ext4): destination with the same identifier (name{figure.1}) has been already used, duplicate ignored
<argument> ...shipout:D \box_use:N \l_shipout_box 
                                                  \__shipout_drop_firstpage_...
l.258 
       <./fig1_plants_map.pdf>]
Overfull \hbox (6.79999pt too wide) in paragraph at lines 300--301
 [][][] 
[9] [10
pdfTeX warning (ext4): destination with the same identifier (name{figure.2}) has been already used, duplicate ignored
<argument> ...shipout:D \box_use:N \l_shipout_box 
                                                  \__shipout_drop_firstpage_...
l.307 
       <./fig2_distribution.pdf>] [11
pdfTeX warning (ext4): destination with the same identifier (name{figure.3}) has been already used, duplicate ignored
<argument> ...shipout:D \box_use:N \l_shipout_box 
                                                  \__shipout_drop_firstpage_...
l.307 
       <./fig5_regime_changepoints.pdf>] (./tab_estacional.tex) [12
pdfTeX warning (ext4): destination with the same identifier (name{table.1}) has been already used, duplicate ignored
<argument> ...shipout:D \box_use:N \l_shipout_box 
                                                  \__shipout_drop_firstpage_...
l.331 \end{equation}
                    
pdfTeX warning (ext4): destination with the same identifier (name{subsection.4.1}) has been already used, duplicate ignored
<argument> ...shipout:D \box_use:N \l_shipout_box 
                                                  \__shipout_drop_firstpage_...
l.331 \end{equation}
                    ] [13]

Package hyperref Warning: Token not allowed in a PDF string (Unicode):
(hyperref)                removing `\<let>-command' on input line 371.


Package hyperref Warning: Token not allowed in a PDF string (Unicode):
(hyperref)                removing `\includegraphics' on input line 371.


Package hyperref Warning: Token not allowed in a PDF string (Unicode):
(hyperref)                removing `\DIFdelincludegraphics' on input line 371.


Package hyperref Warning: Token not allowed in a PDF string (Unicode):
(hyperref)                removing `\<let>-command' on input line 371.


Package hyperref Warning: Token not allowed in a PDF string (Unicode):
(hyperref)                removing `\includegraphics' on input line 371.


Package hyperref Warning: Token not allowed in a PDF string (Unicode):
(hyperref)                removing `\DIFOincludegraphics' on input line 371.


Package hyperref Warning: Token not allowed in a PDF string (Unicode):
(hyperref)                removing `\<let>-command' on input line 371.


Package hyperref Warning: Token not allowed in a PDF string (Unicode):
(hyperref)                removing `\includegraphics' on input line 371.


Package hyperref Warning: Token not allowed in a PDF string (Unicode):
(hyperref)                removing `\DIFaddincludegraphics' on input line 371.


Package hyperref Warning: Token not allowed in a PDF string (Unicode):
(hyperref)                removing `\<let>-command' on input line 371.


Package hyperref Warning: Token not allowed in a PDF string (Unicode):
(hyperref)                removing `\includegraphics' on input line 371.


Package hyperref Warning: Token not allowed in a PDF string (Unicode):
(hyperref)                removing `\DIFOincludegraphics' on input line 371.

[14] [15]

Package hyperref Warning: Token not allowed in a PDF string (Unicode):
(hyperref)                removing `\<let>-command' on input line 405.


Package hyperref Warning: Token not allowed in a PDF string (Unicode):
(hyperref)                removing `\includegraphics' on input line 405.


Package hyperref Warning: Token not allowed in a PDF string (Unicode):
(hyperref)                removing `\DIFdelincludegraphics' on input line 405.


Package hyperref Warning: Token not allowed in a PDF string (Unicode):
(hyperref)                removing `\<let>-command' on input line 405.


Package hyperref Warning: Token not allowed in a PDF string (Unicode):
(hyperref)                removing `\includegraphics' on input line 405.


Package hyperref Warning: Token not allowed in a PDF string (Unicode):
(hyperref)                removing `\DIFOincludegraphics' on input line 405.


Package hyperref Warning: Token not allowed in a PDF string (Unicode):
(hyperref)                removing `\<let>-command' on input line 405.


Package hyperref Warning: Token not allowed in a PDF string (Unicode):
(hyperref)                removing `\includegraphics' on input line 405.


Package hyperref Warning: Token not allowed in a PDF string (Unicode):
(hyperref)                removing `\DIFaddincludegraphics' on input line 405.


Package hyperref Warning: Token not allowed in a PDF string (Unicode):
(hyperref)                removing `\<let>-command' on input line 405.


Package hyperref Warning: Token not allowed in a PDF string (Unicode):
(hyperref)                removing `\includegraphics' on input line 405.


Package hyperref Warning: Token not allowed in a PDF string (Unicode):
(hyperref)                removing `\DIFOincludegraphics' on input line 405.


Overfull \hbox (6.79999pt too wide) in paragraph at lines 430--431
 [][][] 
[16] [17
pdfTeX warning (ext4): destination with the same identifier (name{figure.4}) has been already used, duplicate ignored
<argument> ...shipout:D \box_use:N \l_shipout_box 
                                                  \__shipout_drop_firstpage_...
l.487 
       <./fig6_algorithm_flow.pdf>] [18]

Package hyperref Warning: Token not allowed in a PDF string (Unicode):
(hyperref)                removing `\<let>-command' on input line 512.


Package hyperref Warning: Token not allowed in a PDF string (Unicode):
(hyperref)                removing `\includegraphics' on input line 512.


Package hyperref Warning: Token not allowed in a PDF string (Unicode):
(hyperref)                removing `\DIFdelincludegraphics' on input line 512.


Package hyperref Warning: Token not allowed in a PDF string (Unicode):
(hyperref)                removing `\<let>-command' on input line 512.


Package hyperref Warning: Token not allowed in a PDF string (Unicode):
(hyperref)                removing `\includegraphics' on input line 512.


Package hyperref Warning: Token not allowed in a PDF string (Unicode):
(hyperref)                removing `\DIFOincludegraphics' on input line 512.


Package hyperref Warning: Token not allowed in a PDF string (Unicode):
(hyperref)                removing `\<let>-command' on input line 512.


Package hyperref Warning: Token not allowed in a PDF string (Unicode):
(hyperref)                removing `\includegraphics' on input line 512.


Package hyperref Warning: Token not allowed in a PDF string (Unicode):
(hyperref)                removing `\DIFaddincludegraphics' on input line 512.


Package hyperref Warning: Token not allowed in a PDF string (Unicode):
(hyperref)                removing `\<let>-command' on input line 512.


Package hyperref Warning: Token not allowed in a PDF string (Unicode):
(hyperref)                removing `\includegraphics' on input line 512.


Package hyperref Warning: Token not allowed in a PDF string (Unicode):
(hyperref)                removing `\DIFOincludegraphics' on input line 512.

[19] (./tab_mae.tex)

Package hyperref Warning: Token not allowed in a PDF string (Unicode):
(hyperref)                removing `\<let>-command' on input line 544.


Package hyperref Warning: Token not allowed in a PDF string (Unicode):
(hyperref)                removing `\includegraphics' on input line 544.


Package hyperref Warning: Token not allowed in a PDF string (Unicode):
(hyperref)                removing `\DIFdelincludegraphics' on input line 544.


Package hyperref Warning: Token not allowed in a PDF string (Unicode):
(hyperref)                removing `\<let>-command' on input line 544.


Package hyperref Warning: Token not allowed in a PDF string (Unicode):
(hyperref)                removing `\includegraphics' on input line 544.


Package hyperref Warning: Token not allowed in a PDF string (Unicode):
(hyperref)                removing `\DIFOincludegraphics' on input line 544.


Package hyperref Warning: Token not allowed in a PDF string (Unicode):
(hyperref)                removing `\<let>-command' on input line 544.


Package hyperref Warning: Token not allowed in a PDF string (Unicode):
(hyperref)                removing `\includegraphics' on input line 544.


Package hyperref Warning: Token not allowed in a PDF string (Unicode):
(hyperref)                removing `\DIFaddincludegraphics' on input line 544.


Package hyperref Warning: Token not allowed in a PDF string (Unicode):
(hyperref)                removing `\<let>-command' on input line 544.


Package hyperref Warning: Token not allowed in a PDF string (Unicode):
(hyperref)                removing `\includegraphics' on input line 544.


Package hyperref Warning: Token not allowed in a PDF string (Unicode):
(hyperref)                removing `\DIFOincludegraphics' on input line 544.


Overfull \hbox (6.79999pt too wide) in paragraph at lines 560--561
 [][][] 
[20
pdfTeX warning (ext4): destination with the same identifier (name{table.2}) has been already used, duplicate ignored
<argument> ...shipout:D \box_use:N \l_shipout_box 
                                                  \__shipout_drop_firstpage_...
l.567 
      ] (./tab_results.tex) (./tab_model_agnostic.tex) [21
pdfTeX warning (ext4): destination with the same identifier (name{figure.5}) has been already used, duplicate ignored
<argument> ...shipout:D \box_use:N \l_shipout_box 
                                                  \__shipout_drop_firstpage_...
l.601 
       <./fig3_rolling_coverage.pdf>] (./tab_diagnostico.tex) (./tab_diag_ampliado.tex) [22
pdfTeX warning (ext4): destination with the same identifier (name{table.3}) has been already used, duplicate ignored
<argument> ...shipout:D \box_use:N \l_shipout_box 
                                                  \__shipout_drop_firstpage_...
l.617 
      ] [23
pdfTeX warning (ext4): destination with the same identifier (name{figure.6}) has been already used, duplicate ignored
<argument> ...shipout:D \box_use:N \l_shipout_box 
                                                  \__shipout_drop_firstpage_...
l.627 \subsection
                 {\DIFadd{Model form against fitted capacity}} <./fig4_coverage_width.pdf>] (./tab_escalera.tex) [24
pdfTeX warning (ext4): destination with the same identifier (name{table.4}) has been already used, duplicate ignored
<argument> ...shipout:D \box_use:N \l_shipout_box 
                                                  \__shipout_drop_firstpage_...
l.652 
      ] [25
pdfTeX warning (ext4): destination with the same identifier (name{figure.7}) has been already used, duplicate ignored
<argument> ...shipout:D \box_use:N \l_shipout_box 
                                                  \__shipout_drop_firstpage_...
l.672 ...ult about the tool, not about the data, }
                                                  \DIFdelend \DIFaddbegin \D... <./fig7_model_agnostic.pdf>] (./tab_ablaciones.tex) [26
pdfTeX warning (ext4): destination with the same identifier (name{table.5}) has been already used, duplicate ignored
<argument> ...shipout:D \box_use:N \l_shipout_box 
                                                  \__shipout_drop_firstpage_...
l.692 
      
pdfTeX warning (ext4): destination with the same identifier (name{table.6}) has been already used, duplicate ignored
<argument> ...shipout:D \box_use:N \l_shipout_box 
                                                  \__shipout_drop_firstpage_...
l.692 
      ] [27
pdfTeX warning (ext4): destination with the same identifier (name{table.7}) has been already used, duplicate ignored
<argument> ...shipout:D \box_use:N \l_shipout_box 
                                                  \__shipout_drop_firstpage_...
l.733 }
       \DIFaddend
pdfTeX warning (ext4): destination with the same identifier (name{figure.8}) has been already used, duplicate ignored
<argument> ...shipout:D \box_use:N \l_shipout_box 
                                                  \__shipout_drop_firstpage_...
l.733 }
       \DIFaddend <./fig9_escalera_diagnostico.pdf>] (./tab_benchmarks.tex
Overfull \hbox (1.2961pt too wide) in paragraph at lines 8--31
 [][] 
) [28
pdfTeX warning (ext4): destination with the same identifier (name{table.8}) has been already used, duplicate ignored
<argument> ...shipout:D \box_use:N \l_shipout_box 
                                                  \__shipout_drop_firstpage_...
l.745 
      
pdfTeX warning (ext4): destination with the same identifier (name{figure.9}) has been already used, duplicate ignored
<argument> ...shipout:D \box_use:N \l_shipout_box 
                                                  \__shipout_drop_firstpage_...
l.745 
       <./fig8_ablations.pdf>] (./tab_cota_alpha.tex) (./tab_panel.tex) [29
pdfTeX warning (ext4): destination with the same identifier (name{table.9}) has been already used, duplicate ignored
<argument> ...shipout:D \box_use:N \l_shipout_box 
                                                  \__shipout_drop_firstpage_...
l.764 
      ] [30
pdfTeX warning (ext4): destination with the same identifier (name{table.10}) has been already used, duplicate ignored
<argument> ...shipout:D \box_use:N \l_shipout_box 
                                                  \__shipout_drop_firstpage_...
l.776 
      
pdfTeX warning (ext4): destination with the same identifier (name{table.11}) has been already used, duplicate ignored
<argument> ...shipout:D \box_use:N \l_shipout_box 
                                                  \__shipout_drop_firstpage_...
l.776 
      ] (./tab_sensibilidad_frontera.tex) (./tab_sensibilidad_hiper.tex) [31
pdfTeX warning (ext4): destination with the same identifier (name{table.12}) has been already used, duplicate ignored
<argument> ...shipout:D \box_use:N \l_shipout_box 
                                                  \__shipout_drop_firstpage_...
l.798 
      ] [32
pdfTeX warning (ext4): destination with the same identifier (name{table.13}) has been already used, duplicate ignored
<argument> ...shipout:D \box_use:N \l_shipout_box 
                                                  \__shipout_drop_firstpage_...
l.806 
      ] [33] [34] [35] [36] (./hiperparametros.tex
Underfull \hbox (badness 4686) in paragraph at lines 28--29
[]|\T1/txr/m/n/8 mwh_t, mwh_lag1, mwh_lag7, mwh_lag14, ma7_t,

Underfull \hbox (badness 1389) in paragraph at lines 43--43
\T1/txr/m/n/8 [0,1], g = min(100, max(20,

Underfull \hbox (badness 10000) in paragraph at lines 46--46
[]|\T1/txr/m/n/8 lambda(u) = 1 / (1 +

Underfull \hbox (badness 10000) in paragraph at lines 46--47
[]|\T1/txr/m/n/8 q_reg(u) = (1-lambda(u)) q_old(u) + lambda(u)

Underfull \hbox (badness 1178) in paragraph at lines 46--47
\T1/txr/m/n/8 q_new_bag(u); lambda $\OMS/txsy/m/n/8 ^^X$ \T1/txr/m/n/8 1 where the map is sta-ble

Underfull \hbox (badness 10000) in paragraph at lines 51--51
[]|\T1/txr/m/n/8 alpha_{t+1} = al-pha_t +
[37] [38]) [39]
Underfull \hbox (badness 1014) in paragraph at lines 948--952
[]\T1/txr/m/n/10 M. Joos, I. Staffell, Short-term in-te-gra-tion costs of vari-able re-new-able en-ergy: wind cur-tail-ment and

Underfull \hbox (badness 3000) in paragraph at lines 948--952
\T1/txr/m/n/10 bal-anc-ing in Britain and Ger-many, Re-new-able and Sus-tain-able En-ergy Re-views 86 (2018) 45--65.

Underfull \hbox (badness 2735) in paragraph at lines 990--994
[]\T1/txr/m/n/10 B. Wang, M. Zhou, B. Xin, X. Zhao, J. Watada, Anal-y-sis of op-er-a-tion cost and wind cur-tail-

Underfull \hbox (badness 1371) in paragraph at lines 1020--1024
\T1/txr/m/n/10 ing al-go-rithm, IEEE Trans-ac-tions on Power Ap-pa-ra-tus and Sys-tems PAS-102 (6) (1983) 1858--1864.
[40]
Underfull \hbox (badness 2326) in paragraph at lines 1062--1066
[]\T1/txr/m/n/10 X. Lei, Z. Yang, J. Yu, J. Zhao, Q. Gao, H. Yu, Data-driven op-ti-mal power flow: a physics-

Underfull \hbox (badness 1668) in paragraph at lines 1062--1066
\T1/txr/m/n/10 informed ma-chine learn-ing ap-proach, IEEE Trans-ac-tions on Power Sys-tems 36 (1) (2021) 346--354.

Underfull \hbox (badness 3354) in paragraph at lines 1080--1084
[]\T1/txr/m/n/10 K. Ma-ciejowska, J. Nowotarski, R. Weron, Prob-a-bilis-tic fore-cast-ing of elec-tric-ity spot prices us-

Underfull \hbox (badness 1406) in paragraph at lines 1080--1084
\T1/txr/m/n/10 ing fac-tor quan-tile re-gres-sion av-er-ag-ing, In-ter-na-tional Jour-nal of Fore-cast-ing 32 (3) (2016) 957--965.
[41]
Underfull \hbox (badness 2689) in paragraph at lines 1185--1188
[]\T1/txr/m/n/10 P. Reyes Cerda, K. Cea Morales, An errata-corrected, plant-level dataset of so-lar, wind and hy-

Underfull \hbox (badness 1655) in paragraph at lines 1185--1188
\T1/txr/m/n/10 dropower cur-tail-ment in Chile's Na-tional Elec-tric-ity Sys-tem (2022--2026) [Data set], Zen-odo (2026).
[42] (./marcado.aux) )
(see the transcript file for additional information) </Users/pabloreyescerda/Library/TinyTeX/texmf-var/fonts/pk/ljfour/jknappen/ec/ectt1000.600pk> </Users/pabloreyescerda/Library/TinyTeX/texmf-var/fonts/pk/ljfour/jknappen/ec/ectt0800.600pk></Users/pabloreyescerda/Library/TinyTeX/texmf-dist/fonts/type1/public/amsfonts/symbols/msam10.pfb></Users/pabloreyescerda/Library/TinyTeX/texmf-dist/fonts/type1/public/amsfonts/symbols/msbm10.pfb></Users/pabloreyescerda/Library/TinyTeX/texmf-dist/fonts/type1/public/txfonts/rtxi.pfb></Users/pabloreyescerda/Library/TinyTeX/texmf-dist/fonts/type1/public/txfonts/rtxmi.pfb></Users/pabloreyescerda/Library/TinyTeX/texmf-dist/fonts/type1/public/txfonts/rtxr.pfb></Users/pabloreyescerda/Library/TinyTeX/texmf-dist/fonts/type1/public/txfonts/txex.pfb></Users/pabloreyescerda/Library/TinyTeX/texmf-dist/fonts/type1/public/txfonts/txsy.pfb></Users/pabloreyescerda/Library/TinyTeX/texmf-dist/fonts/type1/urw/times/utmb8a.pfb></Users/pabloreyescerda/Library/TinyTeX/texmf-dist/fonts/type1/urw/times/utmr8a.pfb></Users/pabloreyescerda/Library/TinyTeX/texmf-dist/fonts/type1/urw/times/utmri8a.pfb>
Output written on marcado.pdf (42 pages, 793674 bytes).
Transcript written on marcado.log.
